[    0.000000] Initializing cgroup subsys cpuset
[    0.000000] Initializing cgroup subsys cpu
[    0.000000] Initializing cgroup subsys cpuact
[    0.00000] Linux version 4.4.0-134-generic (buildd@lgw01-amd64-033) (gcc version 5.4. 20160609 Ubuntu 5.4.0-6ubuntu1~16.04.10) ) #160-UbuntuSMP ed Aug 15 14:58:00 UTC 2018 (Ubuntu 4.4.0-134.160-generic 4.4.140)
[    0.000000] Command line: BOOT_IMAGE=/boot/vmlinuz-4.4.0-13-genric roo=LABEL=cloudimg-rootfs ro console=tty1 console=ttyS0
[    0.000000] KERNEL supported cpus:
[    0.000000]   Intel GenuineIntel
[    0.000000]   AMD AuthenticAMD
[    0.000000   Cenaur CentaurHauls
[    0.000000] x86/fpu xstatee_offset[2]:  576, xstate_sizes[2]:  256
[    0.000000] x86/fpu: Supporting XSAVE feaure x01:'x87 floating point registers'
[    0.00000] x86/fpu: Supporting XSAVE feature 0x02: 'SSE regiser'
[    0.00000] x86/fpu: Supporting XSAVE featur 0x04: 'AVXregisters'
[    0.000000] x86/fpu: Enabled xstate features 0x7, context size is 832 bytes, using 'standard' format.
[    0.000000] e820: BIOS-provided physical RAM map:
[    0.000000] BIOS-e820: [mem 0x0000000000000000-0x000000000009fbff] usable
[    0.000000] BIOS-e820: [mem 0x000000000009fc00-0x000000000009ffff] reserved
[   0.00000] IOS-e820: [mem 0x00000000000f0000-0x00000000000fffff] reserved
[    .00000] BIOS-e820: [mem 0x0000000000100000-0x000000003ffeffff] usable
[    0.000000] BIOS-e820: [mem 0x000000003fff0000-0x00000003ffffff] ACPI data[    0.000000] BIOS-820: [mem 0x00000000fec00000-0x00000000fec00fff] reserved
[    0.000000] BIOS-e820: [mem 0x00000000fee00000-0x00000000fee00fff] reserved
[    0.000000] BIOS-e820: [mem 0x00000000fffc0000-0x00000000ffffffff] reserved
[    0.000000] NX (Execute Disable) protection: active
[    0.000000] SMBIOS 2.5 present.
[    0.000000] Hypervisor detected: KVM
[    0.000000] e820: last_pfn = 0x3fff0 max_arch_pfn = 0x400000000
[    0.000000] MTRR: Disabled
[    0.000000] x86/PAT: MTRRs disabled, skipping PAT initialization too.
[    0.000000] CPU MTRR all blank - virtualized system.
[    000000] x86/PAT: Configuration [0--7]: WB  WT  UC- UC  WB  WT  UC- UC  
[    0.000000] foud SMP MP-table at [mem 0x0009ff0-0x0009ffff] mapped at [ffff88000009fff0]
[    0.000000] Scanning 1 areas for low memory corruption
[    0.000000] RAMDISK: [mem 0x3630c000-0x3717dfff]
[    0.000000] ACPI: Early table checksum verification disabled
[   0.000000] ACPI: RSDP 0x00000000000E0000 000024 (v02 VBOX  )
[    0.000000] ACPI: XSDT 0x000000003FFF0030 00003C (v01 VBOX   VBOXXSDT 00000001 ASL  00000061)
[    0.00000] API: FACP 0x000000003FFF00F0 0000F4 (v04 VBOX   VBOXFACP 00000001 ASL  00000061)
[   0.000000] ACPI: DSDT 0x000000003FF0470 0021FF (v02 VBOX   VBOXBIOS 00000002 INTL 20100528)
[    0.000000] ACPI: FACS 0x000000003FFF0200 000040
[    0.000000] ACPI: FACS 0x000000003FFF0200 000040
[    0.000000] ACPI: AIC 000000003FFF240 0005C (v02 VBOX   VBOXAPI 00000001 ASL  00000061)
[   0.000000] ACPI: SSDT 0x000000003FFF02A0 0001CC (v01 VBOX   VBOXCPUT 0000002 INTL 20100528)
[    0.000000] No NUMA cnfiguraion found
[    0.000000] Faking a node at [mem 0x0000000000000000-0x000000003ffeffff]
[   0.00000] NODEDATA(0) allocated [mem 0x3ffeb000-0xffeffff]
[    0.00000] kvm-clock: Using msrs 4b564d01 and 4b564d00
[    0.000000] kvm-clock: cpu 0, msr 0:3ffe3001, primary cpu clock
[    0.000000]kvm-clock usingsched offset of 5280989097 cycles
[    0.000000] clocksource: kvm-clock: mask: 0xffffffffffffffff max_cycles: 0x1cd42e4dffb, max_idle_ns: 881590591483 ns
[    0.000000] Zone ranges:
[    0.000000]   DMA      [mem 0x0000000000001000-0x0000000000ffffff]
[    0.000000]   DMA32    [mem 0x0000000001000000-0x000000003ffeffff]
[    0.000000]   Normal   empty
[    0.000000]   Device   empty
[    0.000000] Movable zone start for each node
[    0.000000] Early memory node ranges
[    0.00000]   node   0: [mem 0x000000000001000-0x000000000009efff]
[    0.000000]   node   0: [mem 0x0000000000100000-0x000000003ffeffff]
[    .000000] Initmem setup node 0 [mem 0x0000000000001000-0x000000003ffeffff]
[   0.000000] ACPI: PM-Timer  IO Port 0x4008
[    .000000] IOAPIC[0]: apic_d 2, version 32, address 0xfec00000, GSI -23
[    0.000000] ACPI: INT_SRC_OVR (bus 0 bus_irq  global_irq 2 dfl dfl)
[    0.000000] ACPI: INT_SRC_OVR (bu 0 bus_irq 9 global_irq 9 low level)
[    0.000000] Using API (MADT) for SP configuration information
[    0.000000] smpboot: Allowing 2 CPUs,0 hotplug CPUs
[    0.000000] PM: Registered nosave memory: [mem 0x00000000-0x00000fff]
[    .000000] PM: Registered nosave memory: [mem 0x0009f000-0x0009ffff]
[    0.000000] PM: Registered nosave memory: [mem 0x000a000-0x000effff]
[    0.0000000] PM: Registered nsave memory [mem 0x00f0000-0x000fffff]
[    0.000000] e820: [mem 0x40000000-0xfebfffff] available for PCI devices
[    0.000000] Bootig aravirtualized kernel o KVM
[    0.000000] clocksource: refined-jiffies: mask: 0ffffffff max_cyces: 0xfffffff, max_idle_ns: 7645519600211568 ns
[    0.000000] setup_percpu: NR_CPUS:512 nr_cpumask_bits:512 nr_cpu_ids:2 nr_node_idds:1
[    0.000000] PERCPU: Embedded 34 pages/cpu @ffff88003fc00000 s99544 r8192 d31528 u1048576
[    0.000000] PV qspinlock hash table entries: 256 (order: 0, 4096 bytes)
[    0.000000] Built 1 zonelists in Node order, mobility grouping on.  Total pages: 257912
[    0.000000] Policy zone: DMA32
[    0.000000] Kernel command line: BOOT_IMAGE=/boot/vmlinuz-4.4.0-134-generic root=LABEL=cloudimg-rootfs ro console=tty1 console=ttyS0
[    0.000000] PID hash table entries: 4096 (order: 3, 32768 bytes)
[    0.000000] Meory: 997724K/1048120K available (8554K kernel code, 1314K rwdata, 4004K rodata,1516K init, 1316K bss, 50396K reserved, 0K cma-reserved)
[    0.000000] SLUB: HWalign=64, Ordr=0-3, MinObjects=0,CPUs=2, Ndes==1
[    0.000000] Kernel/User page tables isolation: enabled
[    0.000000] Hierarchical RCU implementation.
[    0.00000] 	Build-time adjustment of laf fanout to 64.
[    0.000000] 	RCU restricting CPUs from NR_CPUS=512 to nr_cpu_ids=2.
[    0.000000] RCU Adjusting geometry for rcu_fanout_leaf=64, nr_cpu_ids=2
[    0.000000] NR_IRQS:33024 nr_irqs:440 16
[    0.000000] Console: colour VGA+ 80x25
[    0.000000] console [tty1] enabled
[    0.000000] console [ttyS0] enabled
[    0.000000] tsc: Detected 1599.999 MHz processor
[    2.069376] Calibrating delay loop (skipped) preset value.. 3199.99 BogoMIP (lpj=6399996)
[    2.089832] pid_max: default: 32768 minimum: 301
[    2.104844] ACPI: Core revision 20150930
[    2.107625] ACPI: 2 ACPI AML tables successfully acquired and loaded
[    2.114209] Security Framework initialized
[    2.117063] Yama: becoming mindful.
[    2.118597] AppArmor: AppArmor initialized
[    2.125250] Dentry cache hash table entries: 131072 (order: 8, 1048576 bytes)
[    2.133023] Inode-cache hash table entries: 65536 (order: 7, 524288 bytes)
[    2.135695] Mount-cache hash table entries: 2048 (order: 2, 16384 bytes)
[    2.142569] Mountpoint-cache hash table entries: 2048 (order: 2, 16384 bytes)
[    2.149760] Initializing cgroup subsys io
[    2.151467] Initializing cgroup subsys memory
[    2.153194] Initializing cgroup subsys devices
[    2.161063] Initializing cgroup subsys freezer
[    2.163288] Initializing cgroup subsys net_cls
[    2.166589] Initializing cgroup subsys perf_event
[    2.168717] Initializing cgroup subsys net_prio
[    2.170652] Initializing cgroup subsys hugetlb
[    2.172612] Initializing cgroup subsys pids
[    2.177576] mce: CPU supports 0 MCE banks
[    2.184237] Last level iTLB entries: 4KB 64, 2MB 8, 4MB 8
[    2.196792] Last level dTLB entries: 4KB 64, 2MB 0, 4MB 0, 1GB 4
[    2.199117] Spectre V2 : Mitigation: Full generic retpoline
[    2.201439] Spectre V2 : Speculation control IBPB not-supported IBRS not-supported
[    2.204242] Speculative Store Bypass: Vulnerable
[    2.209977] Freeing SMP alternatives memory: 32K
[    2.230746] ftrace: allocating 32266 entries in 127 pages
[    2.292583] smpboot: APIC(0) Converting physical 0 to logical package 0
[    2.303574] smpboot: Max logical packages: 1
[    2.306375] x2apic enabled
[    2.313505] Switched APIC routing to physical x2apic.
[    2.322241] ..TIMER: vector=0x30 apic1=0 pin1=2 apic2=-1 pin2=-1
[    2.432419] smpboot: CPU0: Intel(R) Core(TM) i5-5250U CPU @ 1.60GHz (family: 0x6, model: 0x3d, stepping: 0x4)
[    2.444664] Performance Events: unsupported p6 CPU model 61 no PMU driver, software events only.
[    2.463318] KVM setup paravirtual spinlock
[    2.466813] x86: Booting SMP configuration:
[    2.473153] .... node  #0, CPUs:      #1
[    2.478346] kvm-clock: cpu 1, msr 0:3ffe3041, secondary cpu clock
[    2.481207] mce: CPU supports 0 MCE banks
[    2.484560] x86: Booted up 1 node, 2 CPUs
[    2.487420] smpboot: Total of 2 processors activated (6399.99 BogoMIPS)
[    2.490745] devtmpfs: initialized
[    2.493971] evm: security.selinux
[    2.501388] evm: security.SMACK64
[    2.504776] evm: security.SMACK64EXEC
[    2.513665] evm: security.SMACK64TRANSMUTE
[    2.519012] evm: security.SMACK64MMAP
[    2.521893] evm: security.ima
[    2.530492] evm: security.capability
[    2.532269] clocksource: jiffies: mask: 0xffffffff max_cycles: 0xffffffff, max_idle_ns: 7645041785100000 ns
[    2.541037] futex hash table entries: 512 (order: 3, 32768 bytes)
[    2.547294] pinctrl core: initialized pinctrl subsystem
[    2.554095] RTC time: 12:37:25, date: 10/10/18
[    2.561904] NET: Registered protocol family 16
[    2.577154] cpuidle: using governor ladder
[    2.589585] cpuidle: using governor menu
[    2.597002] PCCT header not found.
[    2.604602] ACPI: bus type PCI registered
[    2.606259] acpiphp: ACPI Hot Plug PCI Controller Driver version: 0.5
[    2.609231] PCI: Using configuration type 1 for base access
[    2.630086] ACPI: Added _OSI(Module Device)
[    2.633961] ACPI: Added _OSI(Processor Device)
[    2.638766] ACPI: Added _OSI(3.0 _SCP Extensions)
[    2.640899] ACPI: Added _OSI(Processor Aggregator Device)
[    2.644300] ACPI: Executed 1 blocks of module-level executable AML code
[    2.652117] ACPI: Interpreter enabled
[    2.657407] ACPI: (supports S0 S5)
[    2.658830] ACPI: Using IOAPIC for interrupt routing
[    2.664213] PCI: Using host bridge windows from ACPI; if necessary, use "pci=nocrs" and report a bug
[    2.676291] ACPI: PCI Root Bridge [PCI0] (domain 0000 [bus 00-ff])
[    2.679889] acpi PNP0A03:00: _OSC: OS supports [ASPM ClockPM Segments MSI]
[    2.687258] acpi PNP0A03:00: _OSC: not requesting OS control; OS requires [ExtendedConfig ASPM ClockPM MSI]
[    2.692080] acpi PNP0A03:00: fail to add MMCONFIG information, can't access extended PCI configuration space under this bridge.
[    2.700951] PCI host bridge to bus 0000:00
[    2.702868] pci_bus 0000:00: root bus resource [io  0x0000-0x0cf7 window]
[    2.706498] pci_bus 0000:00: root bus resource [io  0x0d00-0xffff window]
[    2.708749] pci_bus 0000:00: root bus resource [mem 0x000a0000-0x000bffff window]
[    2.711264] pci_bus 0000:00: root bus resource [mem 0x40000000-0xfdffffff window]
[    2.714434] pci_bus 0000:00: root bus resource [bus 00-ff]
[    2.719691] pci 0000:00:01.1: legacy IDE quirk: reg 0x10: [io  0x01f0-0x01f7]
[    2.724032] pci 0000:00:01.1: legacy IDE quirk: reg 0x14: [io  0x03f6]
[    2.734104] pci 0000:00:01.1: legacy IDE quirk: reg 0x18: [io  0x0170-0x0177]
[    2.738621] pci 0000:00:01.1: legacy IDE quirk: reg 0x1c: [io  0x0376]
[    2.765971] pci 0000:00:07.0: quirk: [io  0x4000-0x403f] claimed by PIIX4 ACPI
[    2.780808] pci 0000:00:07.0: quirk: [io  0x4100-0x410f] claimed by PIIX4 SMB
[    2.805042] ACPI: PCI Interrupt Link [LNKA] (IRQs 5 9 10 *11)
[    2.814788] ACPI: PCI Interrupt Link [LNKB] (IRQs 5 9 *10 11)
[    2.826811] ACPI: PCI Interrupt Link [LNKC] (IRQs 5 *9 10 11)
[    2.830842] ACPI: PCI Interrupt Link [LNKD] (IRQs 5 9 10 *11)
[    2.834191] ACPI: Enabled 2 GPEs in block 00 to 07
[    2.838498] vgaarb: setting as boot device: PCI:0000:00:02.0
[    2.845587] vgaarb: device added: PCI:0000:00:02.0,decodes=io+mem,owns=io+mem,locks=none
[    2.849331] vgaarb: loaded
[    2.852836] vgaarb: bridge control possible 0000:00:02.0
[    2.864742] SCSI subsystem initialized
[    2.871456] ACPI: bus type USB registered
[    2.874851] usbcore: registered new interface driver usbfs
[    2.878840] usbcore: registered new interface driver hub
[    2.883854] usbcore: registered new device driver usb
[    2.889968] PCI: Using ACPI for IRQ routing
[    2.896389] NetLabel: Initializing
[    2.897892] NetLabel:  domain hash size = 128
[    2.906689] NetLabel:  protocols = UNLABELED CIPSOv4
[    2.908856] NetLabel:  unlabeled traffic allowed by default
[    2.913824] amd_nb: Cannot enumerate AMD northbridges
[    2.922383] clocksource: Switched to clocksource kvm-clock
[    2.938110] AppArmor: AppArmor Filesystem Enabled
[    2.941223] pnp: PnP ACPI init
[  2.945131] pnp: PnP ACPI: found 3 devices

[    3.018602] clocksource:acpi_pm: mask: 0xffffff max_cycles: 0xffffff, max_idle_ns: 2085701024 ns
[    3.075019] NET: Registered protocol family 2

[    3.078911] TCP established hash table entries:8192 (order: 4, 65536 bytes)
[    3.124203] TCP bind hash table entries: 8192 (order: 5, 131072 bytes)
[    3.127078]TCP: Hash tables configred (established 8192 bind 8192)
[    3.181351] UDP hash table entries: 512 (order: 2, 16384 bytes)
[    3.183817] UDP-Lite hash table entries: 512 (order: 2, 16384 bytes)
[    3.186359] NET: Registerd protocol fmily 1
[    3.242078]pci 0000:00:00.0: Limiting direct PCI/PI transfers
[    3.26886] pci 0000:0001.0: Acivating ISA DMA hang workarounds
[    3.375982] Unpacking initramfs..

[    3.700531] Freeing initrd memory: 14792K
[    3.702862] RAPL PMU detected, API unit is 2^-32 Joules, 4 fixed counters 10737418240 ms ovfl timer
[    3.715825] hw unit of domain pp0-core 2^-0 Joules
[    3.725105] hw unit of domain package 2^-0 Joules
[    3.727314] hw unit of domain dram 2^-0 Joules
[    3.729127] hw unit of domain pp1-gpu 2^-0 Joules
[    3.731253] platform rtc_cmos: registered platform RTC device (no PNP device found)
[    3.745145] Scanning for low memory corruption every 60 seconds
[    3.756654] audit: initializing netlink subsys (disabled)
[    3.758680] audit: type=2000 audit(1539175051.308:1): initialized
[    3.762881] Initialise system trusted keyring
[    3.768432] HugeTLB registered 2 MB page size, pre-allocated 0 pages
[    3.776743] zbud: loaded
[    3.780129] VFS: Disk quotas dquot_6.6.0
[    3.786341] VFS: Dquot-cache hash table entries: 512 (order 0, 4096 bytes)
[    3.802514] squashfs: version 4.0 (2009/01/31) Phillip Lougher
[    3.805363] fuse init (API version 7.23)
[    3.808548] Key type big_key registered
[    3.825818] Allocating IMA MOK and blacklist keyrings.
[    3.857594] Key type asymmetric registered
[    3.859358] Asymmetric key parser 'x509' registered
[    3.864221] Block layer SCSI generic (bsg) driver version 0.4 loaded (major 249)
[    3.869567] io scheduler noop registered
[    3.871423] io scheduler deadline registered (default)
[    3.874087] io scheduler cfq registered
[    3.876272] pci_hotplug: PCI Hot Plug PCI Core version: 0.5
[    3.896440] pciehp: PCI Express Hot Plug Controller Driver version: 0.4
[    3.901025] ACPI: AC Adapter [AC] (off-line)
[    3.911338] input: Power Button as /devices/LNXSYSTM:00/LNXPWRBN:00/input/input0
[    3.914367] ACPI: Power Button [PWRF]
[    3.918820] input: Sleep Button as /devices/LNXSYSTM:00/LNXSLPBN:00/input/input1
[    3.926536] ACPI: Sleep Button [SLPF]
[    3.934946] ACPI: Battery Slot [BAT0] (battery present)
[    3.940351] GHES: HEST is not enabled!
[    3.942728] Serial: 8250/16550 driver, 32 ports, IRQ sharing enabled
[    3.968427] 00:02: ttyS0 at I/O 0x3f8 (irq = 4, base_baud = 115200) is a 16550A
[    3.977408] Linux agpgart interface v0.103
[    3.980929] loop: module loaded
[    3.981644] scsi host0: ata_piix
[    3.981709] scsi host1: ata_piix
[    3.981745] ata1: PATA max UDMA/33 cmd 0x1f0 ctl 0x3f6 bmdma 0xd000 irq 14
[    3.981746] ata2: PATA max UDMA/33 cmd 0x170 ctl 0x376 bmdma 0xd008 irq 15
[    3.981922] libphy: Fixed MDIO Bus: probed
[    3.981926] tun: Universal TUN/TAP device driver, 1.6
[    3.981927] tun: (C) 1999-2004 Max Krasnyansky <maxk@qualcomm.com>
[    3.982026] PPP generic driver version 2.4.2
[    3.982096] ehci_hcd: USB 2.0 'Enhanced' Host Controller (EHCI) Driver
[    3.982101] ehci-pci: EHCI PCI platform driver
[    3.982122] ehci-platform: EHCI generic platform driver
[    3.982132] ohci_hcd: USB 1.1 'Open' Host Controller (OHCI) Driver
[    3.982135] ohci-pci: OHCI PCI platform driver
[    3.982146] ohci-platform: OHCI generic platform driver
[    3.982154] uhci_hcd: USB Universal Host Controller Interface driver
[    3.982229] i8042: PNP: PS/2 Controller [PNP0303:PS2K,PNP0f03:PS2M] at 0x60,0x64 irq 1,12
[    3.983112] serio: i8042 KBD port at 0x60,0x64 irq 1
[    3.983119] serio: i8042 AUX port at 0x60,0x64 irq 12
[    3.983299] mousedev: PS/2 mouse device common for all mice
[    3.983751] input: AT Translated Set 2 keyboard as /devices/platform/i8042/serio0/input/input2
[    3.984321] rtc_cmos rtc_cmos: rtc core: registered rtc_cmos as rtc0
[    3.984408] rtc_cmos rtc_cmos: alarms up to one day, 114 bytes nvram
[    3.984417] i2c /dev entries driver
[    3.984490] device-mapper: uevent: version 1.0.3
[    3.984568] device-mapper: ioctl: 4.34.0-ioctl (2015-10-28) initialised: dm-devel@redhat.com
[    3.984592] ledtrig-cpu: registered to indicate activity on CPUs
[    3.985144] NET: Registered protocol family 10
[    3.985360] NET: Registered protocol family 17
[    3.985376] Key type dns_resolver registered
[    3.985732] registered taskstats version 1
[    3.985749] Loading compiled-in X.509 certificates
[    3.986771] Loaded X.509 cert 'Build time autogenerated kernel key: 4eb3d024ac16f76c1747ffd474694c84db21038b'
[    3.986799] zswap: loaded using pool lzo/zbud
[    3.992859] Key type trusted registered
[    3.996525] Key type encrypted registered
[    3.996535] AppArmor: AppArmor sha1 policy hashing enabled
[    3.996538] ima: No TPM chip found, activating TPM-bypass!
[    3.996546] ima: Allocated hash algorithm: sha1
[    3.996567] evm: HMAC attrs: 0x1
[    3.997307]   Magic number: 6:628:632
[    3.997478] rtc_cmos rtc_cmos: setting system clock to 2018-10-10 12:37:27 UTC (1539175047)
[    3.997571] BIOS EDD facility v0.16 2004-Jun-25, 0 devices found
[    3.997572] EDD information not available.
[    4.377464] Freeing unused kernel memory: 1516K
[    4.398933] Write protecting the kernel read-only data: 14336k
[    4.406865] Freeing unused kernel memory: 1672K
[    4.412618] Freeing unused kernel memory: 92K
Loading, please wait...
starting version[    4.437647] random: systemd-udevd: uninitialized urandom read (16 bytes read, 5 bits of entropy available)
 229
[    4.438797] random: udevadm: uninitialized urandom read (16 bytes read, 5 bits of entropy available)
[    4.438826] random: udevadm: uninitialized urandom read (16 bytes read, 5 bits of entropy available)
[    4.452482] random: udevadm: uninitialized urandom read (16 bytes read, 5 bits of entropy available)
[    4.452531] random: udevadm: uninitialized urandom read (16 bytes read, 5 bits of entropy available)
[    4.452676] random: udevadm: uninitialized urandom read (16 bytes read, 5 bits of entropy available)
[    4.452731] random: udevadm: uninitialized urandom read (16 bytes read, 5 bits of entropy available)
[    4.452784] random: udevadm: uninitialized urandom read (16 bytes read, 5 bits of entropy available)
[    4.452837] random: udevadm: uninitialized urandom read (16 bytes read, 5 bits of entropy available)
[    4.452888] random: udevadm: uninitialized urandom read (16 bytes read, 5 bits of entropy available)
[    4.600726] e1000: Intel(R) PRO/1000 Network Driver - version 7.3.21-k8-NAPI
[    4.611186] e1000: Copyright (c) 1999-2006 Intel Corporation.
[    4.628123] Fusion MPT base driver 3.04.20
[    4.631936] Copyright (c) 1999-2008 LSI Corporation
[    4.648587] Fusion MPT SPI Host driver 3.04.20
[    4.673677] AVX2 version of gcm_enc/dec engaged.
[    4.695164] AES CTR mode by8 optimization enabled
[    4.730536] tsc: Refined TSC clocksource calibration: 1600.789 MHz
[    4.744155] clocksource: tsc: mask: 0xffffffffffffffff max_cycles: 0x17130e38842, max_idle_ns: 440795212343 ns
[    4.851406] input: ImExPS/2 Generic Explorer Mouse as /devices/platform/i8042/serio1/input/input4
[    5.100248] e1000 0000:00:03.0 eth0: (PCI:33MHz:32-bit) 02:1d:76:b3:3c:fe
[    5.115730] e1000 0000:00:03.0 eth0: Intel(R) PRO/1000 Network Connection
[    5.125463] mptbase: ioc0: Initiating bringup
[    5.244050] ioc0: LSI53C1030 A0: Capabilities={Initiator}
[    6.177814] scsi host2: ioc0: LSI53C1030 A0, FwRev=00000000h, Ports=1, MaxQ=256, IRQ=20
[    6.615666] scsi 2:0:0:0: Direct-Access     VBOX     HARDDISK         1.0  PQ: 0 ANSI: 5
[    6.634491] scsi target2:0:0: Beginning Domain Validation
[    6.643662] scsi target2:0:0: Domain Validation skipping write tests
[    6.650908] scsi target2:0:0: Ending Domain Validation
[    6.655138] scsi target2:0:0: asynchronous
[    6.661150] scsi 2:0:1:0: Direct-Access     VBOX     HARDDISK         1.0  PQ: 0 ANSI: 5
[    6.683927] scsi target2:0:1: Beginning Domain Validation
[    6.688661] scsi target2:0:1: Domain Validation skipping write tests
[    6.691364] scsi target2:0:1: Ending Domain Validation
[    6.693701] scsi target2:0:1: asynchronous
[    6.719713] sd 2:0:0:0: Attached scsi generic sg0 type 0
[    6.723210] sd 2:0:0:0: [sda] 20971520 512-byte logical blocks: (10.7 GB/10.0 GiB)
[    6.727362] sd 2:0:1:0: [sdb] 20480 512-byte logical blocks: (10.5 MB/10.0 MiB)
[    6.736299] sd 2:0:1:0: Attached scsi generic sg1 type 0
[    6.750667] sd 2:0:0:0: [sda] Write Protect is off
[    6.753008] sd 2:0:0:0: [sda] Incomplete mode parameter data
[    6.755686] sd 2:0:0:0: [sda] Assuming drive cache: write through
[    6.758343] sd 2:0:1:0: [sdb] Write Protect is off
[    6.760934] sd 2:0:1:0: [sdb] Incomplete mode parameter data
[    6.763470] sd 2:0:1:0: [sdb] Assuming drive cache: write through
[    6.769801]  sda: sda1
[    6.772113] sd 2:0:0:0: [sda] Attached SCSI disk
[    6.780775] sd 2:0:1:0: [sdb] Attached SCSI disk
[    7.089242] e1000 0000:00:08.0 eth1: (PCI:33MHz:32-bit) 08:00:27:dd:80:b8
[    7.106941] e1000 0000:00:08.0 eth1: Intel(R) PRO/1000 Network Connection
[    7.117527] e1000 0000:00:03.0 enp0s3: renamed from eth0
[    7.138956] e1000 0000:00:08.0 enp0s8: renamed from eth1
Begin: Loading essential drivers ... [    8.521671] md: linear personality registered for level -1
[    8.531647] md: multipath personality registered for level -4
[    8.548349] md: raid0 personality registered for level 0
[    8.554529] md: raid1 personality registered for level 1
[    8.638805] raid6: sse2x1   gen()  8180 MB/s
[    8.710761] raid6: sse2x1   xor()  6204 MB/s
[    8.778699] raid6: sse2x2   gen()  9956 MB/s
[    8.858600] raid6: sse2x2   xor()  4297 MB/s
[    8.926942] raid6: sse2x4   gen()  5110 MB/s
[    8.994704] raid6: sse2x4   xor()  5616 MB/s
[    9.062467] raid6: avx2x1   gen() 14874 MB/s
[    9.134618] raid6: avx2x2   gen() 17797 MB/s
[    9.202901] raid6: avx2x4   gen() 20564 MB/s
[    9.215612] raid6: using algorithm avx2x4 gen() 20564 MB/s
[    9.221217] raid6: using avx2x2 recovery algorithm
[    9.225238] xor: automatically using best checksumming function:
[    9.274120]    avx       : 38833.000 MB/sec
[    9.285509] async_tx: api initialized (async)
[    9.301392] md: raid6 personality registered for level 6
[    9.306340] md: raid5 personality registered for level 5
[    9.308781] md: raid4 personality registered for level 4
[    9.321869] md: raid10 personality registered for level 10
done.
Begin: Running /scripts/init-premount ... done.
Begin: Mounting root file system ... Begin: Running /scripts/local-top ... done.
Begin: Running /scripts/local-premount ... [    9.369260] Btrfs loaded
Scanning for Btrfs filesystems
done.
Warning: fsck not present, so skipping root file[    9.430766] EXT4-fs (sda1): INFO: recovery required on readonly filesystem
 system
[    9.442167] EXT4-fs (sda1): write access will be enabled during recovery
[    9.564185] EXT4-fs (sda1): recovery complete
[    9.566143] EXT4-fs (sda1): mounted filesystem with ordered data mode. Opts: (null)
done.
Begin: Running /scripts/local-bottom ... done.
Begin: Running /scripts/init-bottom ... done.
[    9.831870]systemd[1]: systemd 29 rnningin system moe. (+PAM +AUDIT +SELINUX +IMA +APPARMOR +SMACK +SYSVINIT +UTMP +LIBCRYPTSETUP +GCRYPT +GNUTLS +ACL +XZ -LZ4 +SECCOMP +BLKID +ELFUTILS +KMOD -IDN)
[    9.973766] systemd[1]: Detecd virtualization oracle.
[   10.054142] sstemd[1]: Detected arcitecture x86-64.

Welcome to [1mUbuntu 16.04.5 LTS[0m!

[   10.186353] systemd[1]: Set hostname to <ubuntu-xenial>.
[  11.014654] systmd[1]: Started Forward Password Requests to Wall Directory Watch.
[[0;32m  OK  [0m] Started Forward Password Requests to Wall Directory Watch.
[   11.187220] systemd[1]: Listening on udev Control Socket.
[[0;32m  OK  [0m] Listening on udev Control Socket.
[   11.196525] systemd[1]: Reached target User and Group Name Lookups.
[[0;32m  OK  [0m] Reached target User and Group Name Lookups.
[   11.715271] systemd[1]: Created slice System Slice.
[[0;32m  OK  [0m] Created slice System Slice.
[   11.739871] systemd[1]: Created slice system-serial\x2dgetty.slice.
[[0;32m  OK  [0m] Created slice system-serial\x2dgetty.slice.
[   11.775599] systemd[1]: Listening onJournal Socket

[[0;32m  OK  [0m] Listening on Journal Socket.
[   11.855073] systemd[1]: Starting Create list of required static device nodes for the current kernel...
[   11.861767] random: nonblocking pool is initialized
         Starting Create list of required st... nodes for the current kernel...
[   11.870051] systemd[1]: Starting Remount Root and Kernel File Systems...
         Starting Remount Root and Kernel File Systems...
[   11.892797] EXT4-fs (sda1): re-mounted. Opts: (null)
[   11.896983] systemd[1]: Listening on /dev/initctl Compatibility Named Pipe.
[[0;32m  OK  [0m] Listening on /dev/initctl Compatibility Named Pipe.
[   11.930960] systemd[1]: Mounting Huge Pages File System...
         Mounting Huge Pages File System...
[   11.938140] systemd[1]: Set up automount Arbitrary Executable File Formats File System Automount Point.
[[0;32m  OK  [0m] Set up automount Arbitrary Executab...ats File System Automount Point.
[   11.972355] systemd[1]: Listening on Syslog Socket.
[[0;32m  OK  [0m] Listening on Syslog Socket.
[   11.987172] systemd[1]: Started Trigger resolvconf update for networkd DNS.
[[0;32m  OK  [0m] Started Trigger resolvconf update for networkd DNS.
[   12.014639] systemd[1]: Starting Nameserver information manager...
         Starting Nameserver information manager...
[   12.059016] systemd[1]: Mounting Debug File System...
         Mounting Debug File System...
[   12.089094] systemd[1]: Reached target Encrypted Volumes.
[[0;32m  OK  [0m] Reached target Encrypted Volumes.
[   12.111780] systemd[1]: Listening on LVM2 metadata daemon socket.
[[0;32m  OK  [0m] Listening on LVM2 metadata daemon socket.
[   12.135561] systemd[1]: Listening on LVM2 poll daemon socket.
[[0;32m  OK  [0m] Listening on LVM2 poll daemon socket.
[   12.179126] systemd[1]: Starting Set console keymap...
         Starting Set console keymap...
[   12.194146] systemd[1]: Listening on udev Kernel Socket.
[[0;32m  OK  [0m] Listening on udev Kernel Socket.
[   12.209154] systemd[1]: Reached target System Time Synchronized.
[[0;32m  OK  [0m] Reached target System Time Synchronized.
[   12.221243] systemd[1]: Listening on Device-mapper event daemon FIFOs.
[[0;32m  OK  [0m] Listening on Device-mapper event daemon FIFOs.
[   12.259592] systemd[1]: Starting Monitoring of LVM2 mirrors, snapshots etc. using dmeventd or progress polling...
         Starting Monitoring of LVM2 mirrors... dmeventd or progress polling...
[   12.293604] systemd[1]: Listening on Journal Socket (/dev/log).
[[0;32m  OK  [0m] Listening on Journal Socket (/dev/log).
[   12.300092] systemd[1]: Starting Uncomplicated firewall...
         Starting Uncomplicated firewall...
[   12.312333] systemd[1]: Mounting POSIX Message Queue File System...
         Mounting POSIX Message Queue File System...
[   12.328305] systemd[1]: Listening on Journal Audit Socket.
[[0;32m  OK  [0m] Listening on Journal Audit Socket.
[   12.358792] systemd[1]: Starting Journal Service...
         Starting Journal Service...
[   12.415124] systemd[1]: Starting Load Kernel Modules...
         Starting Load Kernel Modules...
[   12.434330] systemd[1]: Created slice User and Session Slice.
[   12.436900] Loading iSCSI transport class v2.0-870.
[[0;32m  OK  [0m] Created slice User and Session Slice.
[   12.452452] iscsi: registered transport (tcp)
[   12.459255] systemd[1]: Reached target Slices.
[[0;32m  OK  [0m] Reached target Slices.
[   12.486832] systemd[1]: Reached target Swap.
[[0;32m  OK  [0m] Reached target Swap.
[   12.496600] iscsi: registered transport (iser)
[   12.514240] systemd[1]: Mounted Debug File System.
[[0;32m  OK  [0m] Mounted Debug File System.
[   12.531620] systemd[1]: Mounted Huge Pages File System.
[[0;32m  OK  [0m] Mounted Huge Pages File System.
[   12.541838] systemd[1]: Mounted POSIX Message Queue File System.
[[0;32m  OK  [0m] Mounted POSIX Message Queue File System.
[   12.555338] systemd[1]: Started Journal Service.
[[0;32m  OK  [0m] Started Journal Service.
[[0;32m  OK  [0m] Started Create list of required sta...ce nodes for the current kernel.
[[0;32m  OK  [0m] Started Remount Root and Kernel File Systems.
[[0;32m  OK  [0m] Started Set console keymap.
[[0;32m  OK  [0m] Started Uncomplicated firewall.
[[0;32m  OK  [0m] Started Load Kernel Modules.
[[0;32m  OK  [0m] Started Nameserver information manager.
[[0;32m  OK  [0m] Started LVM2 metadata daemon.
         Mounting FUSE Control File System...
         Starting Apply Kernel Variables...
         Starting udev Coldplug all Devices...
         Starting Load/Save Random Seed...
         Starting Create Static Device Nodes in /dev...
         Starting Flush Journal to Persistent Storage...
[[0;32m  OK  [0m] Mounted FUSE Control File System.
[[0;32m  OK  [0m] Started Apply Kernel Variables.
[[0;32m  OK  [0m] Started Load/Save Random Seed.
[[0;32m  OK  [0m] Started udev Coldplug all Devices.
[[0;32m  OK  [0m] Started Create Static Device Nodes in /dev.
[[0;32m  OK  [0m] Started Flush Journal to Persistent Storage.
         Starting udev Kernel Device Manager...
[[0;32m  OK  [0m] Started udev Kernel Device Manager.
[[0;32m  OK  [0m] Started Dispatch Password Requests to Console Directory Watch.
[[0;32m  OK  [0m] Found device /dev/ttyS0.
[[0;32m  OK  [0m] Started Monitoring of LVM2 mirrors,...ng dmeventd or progress polling.
[[0;32m  OK  [0m] Reached target Local File Systems (Pre).
[[0;32m  OK  [0m] Reached target Local File Systems.
         Starting Tell Plymouth To Write Out Runtime Data...
         Starting Initial cloud-init job (pre-networking)...
         Starting Create Volatile Files and Directories...
         Starting Set console font and keymap...
         Starting LSB: AppArmor initialization...
[[0;32m  OK  [0m] Started Tell Plymouth To Write Out Runtime Data.
[[0;32m  OK  [0m] Started Create Volatile Files and Directories.
[[0;32m  OK  [0m] Listening on Load/Save RF Kill Switch Status /dev/rfkill Watch.
         Starting Update UTMP about System Boot/Shutdown...
[[0;32m  OK  [0m] Found device 82540EM Gigabit Ethern...r (PRO/1000 MT Desktop Adapter).
[[0;32m  OK  [0m] Started LSB: AppArmor initialization.
[[0;32m  OK  [0m] Started Update UTMP about System Boot/Shutdown.
[[0;32m  OK  [0m] Started Set console font and keymap.
[[0;32m  OK  [0m] Created slice system-getty.slice.
[   12.703684] cloud-init[531]: Cloud-init v. 18.3-9-g2e62cb8a-0ubuntu1~16.04.2 running 'init-local' at Wed, 10 Oct 2018 12:37:38 +0000. Up 12.19 seconds.
[[0;32m  OK  [0m] Started Initial cloud-init job (pre-networking).
[[0;32m  OK  [0m] Reached target Network (Pre).
[[0;32m  OK  [0m] Started ifup for enp0s8.
[[0;32m  OK  [0m] Started ifup for enp0s3.
         Starting Raise network interfaces...
[[0;32m  OK  [0m] Started Raise network interfaces.
         Starting Initial cloud-init job (metadata service crawler)...
[[0;32m  OK  [0m] Reached target Network.
[   13.918316] cloud-init[1064]: Cloud-init v. 18.3-9-g2e62cb8a-0ubuntu1~16.04.2 running 'init' at Wed, 10 Oct 2018 12:37:39 +0000. Up 13.35 seconds.
[   13.964831] cloud-init[1064]: ci-info: ++++++++++++++++++++++++++++++++++++++Net device info+++++++++++++++++++++++++++++++++++++++
[   14.012575] [cloud-init[0;32m  OK  [0m[1064]: ] ci-info: +--------+------+-----------------------------+---------------+--------+-------------------+Started Initial cloud-init job (metadata service crawler).

[   14.014075] cloud-init[1064]: [[0;32m  OK  [0m] Reached target Cloud-config availability.
[[0;32m  OK  [0m] Reached target System Initialization.
[[0;32m  OK  [0m] Listening on D-Bus System Message Bus Socket.
ci-info: | Device |  Up  |           Address           |      Mask     | Scope  |     Hw-Address    |
[   14.142570] cloud-init[1064]: ci-info: +--------+------+-----------------------------+---------------+--------+-------------------+
[[0;32m  OK  [0m] Listening on UUID daemon activation socket.
[   14.145359] cloud-init[1064]: ci-info: | enp0s3 | True |          10.0.2.15          | 255.255.255.0 | global | 02:1d:76:b3:3c:fe |
[   14.191990]          Starting LXD - unix socket.
[[0;32m  OK  [0m] Listening on ACPID Listen Socket.
[[0;32m  OK  [0m] Started Daily Cleanup of Temporary Directories.
cloud-init[1064]: ci-info: | enp0s3 | True |  fe80::1d:76ff:feb3:3cfe/64 |       .       |  link  | 02:1d:76:b3:3c:fe |
[   14.276762] [[0;32m  OK  [0m] Started ACPI Events Check.
[[0;32m  OK  [0m] Reached target Paths.
cloud-init[1064]: ci-info: | enp0s8 | True |        192.168.10.150       | 255.255.255.0 | global | 08:00:27:dd:80:b8 |
[   14.308498] [[0;32m  OK  [0m] Started Daily apt download activities.
[[0;32m  OK  [0m] Started Daily apt upgrade and clean activities.
[[0;32m  OK  [0m] Reached target Timers.
         Starting Socket activation for snappy daemon.
[[0;32m  OK  [0m] Reached target Network is Online.
cloud-init[1064]: ci-info: | enp0s8 | True | fe80::a00:27ff:fedd:80b8/64 |       .       |  link  | 08:00:27:dd:80:b8 |
[   14.350252] cloud-init[1064]: ci-info: |   lo   | True |          127.0.0.1          |   255.0.0.0   |  host  |         .         |
[   14.350822] cloud-init[1064]: ci-info: |   lo   | True |           ::1/128           |       .       |  host  |         .         |
         Starting iSCSI initiator daemon (iscsid)...
[   14.356152] cloud-init[1064]: ci-info: +--------+------+-----------------------------+---------------+--------+-------------------+
[   14.414120] cloud-init[1064]: ci-info: ++++++++++++++++++++++++++++Route IPv4 info++++++++++++++++++++++++++++
[   14.414656] cloud-init[1064]: [ci-info: +-------+--------------+----------+---------------+-----------+-------+[0;32m  OK  [0m
] Listening on LXD - unix socket.
[[   14.415792] cloud-init[1064]: ci-info: | Route | Destination  | Gateway  |    Genmask    | Interface | Flags |
[0;32m  OK  [0m] Listening on Socket activation for snappy daemon.
[   14.531294] cloud-init[1064]: ci-info: +-------+--------------+----------+---------------+-----------+-------+
[   14.585330] cloud-init[1064]: ci-info: |   0   |   0.0.0.0    | 10.0.2.2 |    0.0.0.0    |   enp0s3  |   UG  |
[   14.586418] cloud-init[1064]: ci-info: |   1   |   10.0.2.0   | 0.0.0.0  | 255.255.255.0 |   enp0s3  |   U   |
[[0;32m  OK  [0m] Started iSCSI initiator daemon (iscsid).
[   14.587781] cloud-init[1064]: ci-info: |   2   | 192.168.10.0 | 0.0.0.0  | 255.255.255.0 |   enp0s8  |   U   |
[   14.692508] cloud-init[1064]: ci-info: +-------+--------------+----------+---------------+-----------+-------+
[   14.713128] cloud-init[1064]: ci-info: +++++++++++++++++++Route IPv6 info+++++++++++++++++++
[   14.722375] cloud-init[1064]: ci-info: +-------+-------------+---------+-----------+-------+
[   14.742734] cloud-init[1064]: ci-info: | Route | Destination | Gateway | Interface | Flags |
[   14.743761] cloud-init[1064]: ci-info: +-------+-------------+---------+-----------+-------+
         Starting Login to default iSCSI targets...
[   14.747726] cloud-init[1064]: ci-info: |   0   |  fe80::/64  |    ::   |   enp0s8  |   U   |
[   14.795085] cloud-init[1064]: ci-info: |   1   |  fe80::/64  |    ::   |   enp0s3  |   U   |
[   14.796014] cloud-init[1064]: ci-info: |   4   |   ff00::/8  |    ::   |   enp0s8  |   U   |
[[0;32m  OK  [0m] Reached target Sockets.
[   14.796779] cloud-init[1064]: ci-info: |   5   |   ff00::/8  |    ::   |   enp0s3  |   U   |
[[0;32m  OK  [0m] Reached target Basic System.
[   14.914451] cloud-init[1064]: ci-info: +-------+-------------+---------+-----------+-------+
         Starting Login Service...
[[0;32m  OK  [0m] Started Unattended Upgrades Shutdown.
         Starting LSB: MD monitoring daemon...
[[0;32m  OK  [0m] Started Deferred execution scheduler.
[[0;32m  OK  [0m] Started FUSE filesystem for LXC.
[[0;32m  OK  [0m] Started Regular background program processing daemon.
         Starting System Logging Service...
[[0;32m  OK  [0m] Started High-performance, schema-free document-oriented database.
         Starting OpenBSD Secure Shell server...
         Starting LXD - container startup/shutdown...
         Starting Virtualbox guest utils...
         Starting Accounts Service...
         Starting LSB: Record successful boot for GRUB...
[[0;32m  OK  [0m] Started ACPI event daemon.
[[0;32m  OK  [0m] Started D-Bus System Message Bus.
         Starting Snappy daemon...
         Starting /etc/rc.local Compatibility...
[[0;32m  OK  [0m] Started System Logging Service.
[[0;32m  OK  [0m] Started OpenBSD Secure Shell server.
[[0;32m  OK  [0m] Started /etc/rc.local Compatibility.
[[0;32m  OK  [0m] Started LXD - container startup/shutdown.
[[0;32m  OK  [0m] Started Login to default iSCSI targets.
[[0;32m  OK  [0m] Started LSB: MD monitoring daemon.
[[0;32m  OK  [0m] Started LSB: Record successful boot for GRUB.
[[0;32m  OK  [0m] Started Login Service.
         Starting Authenticate and Authorize Users to Run Privileged Tasks...
[[0;32m  OK  [0m] Reached target Remote File Systems (Pre).
[[0;32m  OK  [0m] Reached target Remote File Systems.
         Starting LSB: Set the CPU Frequency Scaling governor to "ondemand"...
         Starting LSB: daemon to balance interrupts for SMP systems...
         Starting LSB: automatic crash report generation...
         Starting Permit User Sessions...
[[0;32m  OK  [0m] Started Snappy daemon.
[[0;32m  OK  [0m] Started Virtualbox guest utils.
[[0;32m  OK  [0m] Started Permit User Sessions.
[[0;32m  OK  [0m] Started Authenticate and Authorize Users to Run Privileged Tasks.
[[0;32m  OK  [0m] Started Accounts Service.
[[0;32m  OK  [0m] Started LSB: Set the CPU Frequency Scaling governor to "ondemand".
         Starting Hold until boot process finishes up...
         Starting Terminate Plymouth Boot Screen...
         Starting Wait until snapd is fully seeded...
[[0;32m  OK  [0m] Started LSB: daemon to balance interrupts for SMP systems.
[[0;32m  OK  [0m] Started Hold until boot process finishes up.
[[0;32m  OK  [0m] Started LSB: automatic crash report generation.
[[0;32m  OK  [0m] Started Terminate Plymouth Boot Screen.
[[0;32m  OK  [0m] Started Wait until snapd is fully seeded.
[[0;32m  OK  [0m] Created slice User Slice of vagrant.
         Starting User Manager for UID 1000...
[[0;32m  OK  [0m] Started Session 1 of user vagrant.
         Starting Apply the settings specified in cloud-config...
         Starting Set console scheme...
[[0;32m  OK  [0m] Started Serial Getty on ttyS0.
[[0;32m  OK  [0m] Started Getty on tty1.
[[0;32m  OK  [0m] Reached target Login Prompts.
[[0;32m  OK  [0m] Reached target Multi-User System.
[[0;32m  OK  [0m] Reached target Graphical Interface.
         Starting Update UTMP about System Runlevel Changes...
[[0;32m  OK  [0m] Started User Manager for UID 1000.
[[0;32m  OK  [0m] Started Set console scheme.
[[0;32m  OK  [0m] Started Update UTMP about System Runlevel Changes.
[   17.733005] cloud-init[1330]: Cloud-init v. 18.3-9-g2e62cb8a-0ubuntu1~16.04.2 running 'modules:config' at Wed, 10 Oct 2018 12:37:43 +0000. Up 17.48 seconds.
[[0;32m  OK  [0m] Started Apply the settings specified in cloud-config.
         Starting Execute cloud user/final scripts...
[   18.926084] cloud-init[1416]: Cloud-init v. 18.3-9-g2e62cb8a-0ubuntu1~16.04.2 running 'modules:final' at Wed, 10 Oct 2018 12:37:44 +0000. Up 18.55 seconds.
[   18.976545] cloud-init[1416]: Cloud-init v. 18.3-9-g2e62cb8a-0ubuntu1~16.04.2 finished at Wed, 10 Oct 2018 12:37:44 +0000. Datasource DataSourceNoCloud [seed=/dev/sdb][dsmode=net].  Up 18.91 seconds
[[0;32m  OK  [0m] Started Execute cloud user/final scripts.
[[0;32m  OK  [0m] Reached target Cloud-init target.

Ubuntu 16.04.5 LTS ubuntu-xenial ttyS0

ubuntu-xenial login: 